mode: set
gustorrent/internal/parser/parser.go:9.56,10.23 1 1
gustorrent/internal/parser/parser.go:10.23,12.3 1 1
gustorrent/internal/parser/parser.go:14.2,16.15 2 1
gustorrent/internal/parser/parser.go:16.15,20.49 3 1
gustorrent/internal/parser/parser.go:20.49,22.10 1 1
gustorrent/internal/parser/parser.go:24.9,24.29 1 1
gustorrent/internal/parser/parser.go:24.29,26.10 1 1
gustorrent/internal/parser/parser.go:28.9,30.23 2 1
gustorrent/internal/parser/parser.go:30.23,32.10 1 0
gustorrent/internal/parser/parser.go:34.9,36.22 2 1
gustorrent/internal/parser/parser.go:39.2,39.28 1 1
gustorrent/internal/parser/parser.go:39.28,44.43 3 1
gustorrent/internal/parser/parser.go:44.43,46.4 1 1
gustorrent/internal/parser/parser.go:48.3,48.23 1 1
gustorrent/internal/parser/parser.go:48.23,50.10 1 0
gustorrent/internal/parser/parser.go:52.3,53.17 2 1
gustorrent/internal/parser/parser.go:53.17,56.4 2 0
gustorrent/internal/parser/parser.go:58.3,61.26 3 1
gustorrent/internal/parser/parser.go:61.26,63.4 1 1
gustorrent/internal/parser/parser.go:65.3,68.41 2 1
gustorrent/internal/parser/parser.go:71.2,71.15 1 1
gustorrent/internal/parser/parser.go:71.15,78.7 3 1
gustorrent/internal/parser/parser.go:78.7,79.25 1 1
gustorrent/internal/parser/parser.go:79.25,81.5 1 1
gustorrent/internal/parser/parser.go:83.4,83.25 1 1
gustorrent/internal/parser/parser.go:83.25,85.10 2 1
gustorrent/internal/parser/parser.go:88.4,89.18 2 1
gustorrent/internal/parser/parser.go:89.18,91.5 1 0
gustorrent/internal/parser/parser.go:93.4,93.28 1 1
gustorrent/internal/parser/parser.go:96.3,96.19 1 1
gustorrent/internal/parser/parser.go:99.2,99.15 1 1
gustorrent/internal/parser/parser.go:99.15,103.7 3 1
gustorrent/internal/parser/parser.go:103.7,104.25 1 1
gustorrent/internal/parser/parser.go:104.25,106.5 1 1
gustorrent/internal/parser/parser.go:108.4,108.25 1 1
gustorrent/internal/parser/parser.go:108.25,110.10 2 1
gustorrent/internal/parser/parser.go:113.4,114.18 2 1
gustorrent/internal/parser/parser.go:114.18,116.5 1 0
gustorrent/internal/parser/parser.go:118.4,119.11 2 1
gustorrent/internal/parser/parser.go:119.11,121.5 1 1
gustorrent/internal/parser/parser.go:123.4,126.18 3 1
gustorrent/internal/parser/parser.go:126.18,128.5 1 0
gustorrent/internal/parser/parser.go:130.4,130.21 1 1
gustorrent/internal/parser/parser.go:133.3,133.19 1 1
gustorrent/internal/parser/parser.go:136.2,136.48 1 1
